- 1
- 2
- 
  "abc":
    - "def"
    - "tab\ttab\ttab"
    - NaN
    - Inf
    - 
      - 1
      - "-"
      - "aa"
    - 123
    - []
    - 
      "+":
        - 1
        - 
          "*":
            - 2
            - 4
    - 0.123
    - 456
    - 123.456
    - "世界"
- 
  "<":
    - "true"
    - "false"
- 
  "==":
    - 1
    - 2
